MySQL Shell 8.0.36

Copyright (c) 2016, 2023, Oracle and/or its affiliates.
Oracle is a registered trademark of Oracle Corporation and/or its affiliates.
Other names may be trademarks of their respective owners.

Type '\help' or '\?' for help; '\quit' to exit.
 MySQL  JS > \sql
Switching to SQL mode... Commands end with ;
 MySQL  SQL > \connect --mc root@localhost
Creating a Classic session to 'root@localhost'
Fetching global names for auto-completion... Press ^C to stop.
Your MySQL connection id is 9
Server version: 8.0.36 MySQL Community Server - GPL
No default schema selected; type \use <schema> to set one.
 MySQL  localhost:3306 ssl  SQL > SHOW DATABASES;
+--------------------+
| Database           |
+--------------------+
| credit_cards       |
| human_resources    |
| information_schema |
| mysql              |
| orders             |
| performance_schema |
| sakila             |
| sys                |
| tbd2               |
| world              |
+--------------------+
10 rows in set (0.0815 sec)
 MySQL  localhost:3306 ssl  SQL > use tbd2;
Default schema set to `tbd2`.
Fetching global names, object names from `tbd2` for auto-completion... Press ^C to stop.
 MySQL  localhost:3306 ssl  tbd2  SQL > SHOW TABLEs;
+----------------+
| Tables_in_tbd2 |
+----------------+
| clientes       |
| direcciones    |
+----------------+
2 rows in set (0.0016 sec)
 MySQL  localhost:3306 ssl  tbd2  SQL > SHOW CREATE table clientes;
+----------+---------------------------------------------------------------------------------------------------------------------------------------------------------------------------------------------------------------------------------------------------------------------------+
| Table    | Create Table                                                                                                                                                                                                                                                              |
+----------+---------------------------------------------------------------------------------------------------------------------------------------------------------------------------------------------------------------------------------------------------------------------------+
| clientes | CREATE TABLE `clientes` (
  `id` int NOT NULL AUTO_INCREMENT,
  `nomebre` varchar(50) NOT NULL,
  `apellidos` varchar(50) NOT NULL,
  `fecha_nac` date NOT NULL,
  PRIMARY KEY (`id`)
) ENGINE=InnoDB AUTO_INCREMENT=6 DEFAULT CHARSET=utf8mb4 COLLATE=utf8mb4_0900_ai_ci |
+----------+---------------------------------------------------------------------------------------------------------------------------------------------------------------------------------------------------------------------------------------------------------------------------+
1 row in set (0.0871 sec)
 MySQL  localhost:3306 ssl  tbd2  SQL > SHOW CREATE table direcciones;
+-------------+---------------------------------------------------------------------------------------------------------------------------------------------------------------------------------------------------------------------------------------------------------------------------------------------------------------------------------------------------------------------------------------------------------------------------------------------+
| Table       | Create Table
                                                                                                                                                                                                                        |
+-------------+---------------------------------------------------------------------------------------------------------------------------------------------------------------------------------------------------------------------------------------------------------------------------------------------------------------------------------------------------------------------------------------------------------------------------------------------+
| direcciones | CREATE TABLE `direcciones` (
  `id` int NOT NULL AUTO_INCREMENT,
  `id_cliente` int NOT NULL,
  `calle` varchar(50) NOT NULL,
  `colonia` varchar(50) NOT NULL,
  PRIMARY KEY (`id`),
  KEY `id_cliente` (`id_cliente`),
  CONSTRAINT `direcciones_ibfk_1` FOREIGN KEY (`id_cliente`) REFERENCES `clientes` (`id`) ON DELETE RESTRICT ON UPDATE CASCADE
) ENGINE=InnoDB AUTO_INCREMENT=4 DEFAULT CHARSET=utf8mb4 COLLATE=utf8mb4_0900_ai_ci |
+-------------+---------------------------------------------------------------------------------------------------------------------------------------------------------------------------------------------------------------------------------------------------------------------------------------------------------------------------------------------------------------------------------------------------------------------------------------------+
1 row in set (0.0016 sec)
 MySQL  localhost:3306 ssl  tbd2  SQL > ALTER TABLE direcciones DROP CONSTRAINT direcciones_ibfk_1;
Query OK, 0 rows affected (0.1613 sec)

Records: 0  Duplicates: 0  Warnings: 0
 MySQL  localhost:3306 ssl  tbd2  SQL > SHOW CREATE table direcciones;
+-------------+-------------------------------------------------------------------------------------------------------------------------------------------------------------------------------------------------------------------------------------------------------------------------------------------------------------+
| Table       | Create Table

  |
+-------------+-------------------------------------------------------------------------------------------------------------------------------------------------------------------------------------------------------------------------------------------------------------------------------------------------------------+
| direcciones | CREATE TABLE `direcciones` (
  `id` int NOT NULL AUTO_INCREMENT,
  `id_cliente` int NOT NULL,
  `calle` varchar(50) NOT NULL,
  `colonia` varchar(50) NOT NULL,
  PRIMARY KEY (`id`),
  KEY `id_cliente` (`id_cliente`)
) ENGINE=InnoDB AUTO_INCREMENT=4 DEFAULT CHARSET=utf8mb4 COLLATE=utf8mb4_0900_ai_ci |
+-------------+-------------------------------------------------------------------------------------------------------------------------------------------------------------------------------------------------------------------------------------------------------------------------------------------------------------+
1 row in set (0.0013 sec)
 MySQL  localhost:3306 ssl  tbd2  SQL > SELECT * FROM clientes;
+----+---------+-----------+------------+
| id | nomebre | apellidos | fecha_nac  |
+----+---------+-----------+------------+
|  3 | Pedro   | Marquez   | 2024-02-08 |
|  5 | Juan    | Perez     | 1981-11-12 |
+----+---------+-----------+------------+
2 rows in set (0.0790 sec)
 MySQL  localhost:3306 ssl  tbd2  SQL > DESC direcciones;
+------------+-------------+------+-----+---------+----------------+
| Field      | Type        | Null | Key | Default | Extra          |
+------------+-------------+------+-----+---------+----------------+
| id         | int         | NO   | PRI | NULL    | auto_increment |
| id_cliente | int         | NO   | MUL | NULL    |                |
| calle      | varchar(50) | NO   |     | NULL    |                |
| colonia    | varchar(50) | NO   |     | NULL    |                |
+------------+-------------+------+-----+---------+----------------+
4 rows in set (0.0023 sec)
 MySQL  localhost:3306 ssl  tbd2  SQL > INSERT INTO direcciones(id_cliente, calle, colonia) VALUE(6, rygtbuh, ryvgbhuj);
ERROR: 1054 (42S22): Unknown column 'rygtbuh' in 'field list'
 MySQL  localhost:3306 ssl  tbd2  SQL > DESC direcciones;
+------------+-------------+------+-----+---------+----------------+
| Field      | Type        | Null | Key | Default | Extra          |
+------------+-------------+------+-----+---------+----------------+
| id         | int         | NO   | PRI | NULL    | auto_increment |
| id_cliente | int         | NO   | MUL | NULL    |                |
| calle      | varchar(50) | NO   |     | NULL    |                |
| colonia    | varchar(50) | NO   |     | NULL    |                |
+------------+-------------+------+-----+---------+----------------+
4 rows in set (0.0023 sec)
 MySQL  localhost:3306 ssl  tbd2  SQL > SELECT * FROM clientes;
+----+---------+-----------+------------+
| id | nomebre | apellidos | fecha_nac  |
+----+---------+-----------+------------+
|  3 | Pedro   | Marquez   | 2024-02-08 |
|  5 | Juan    | Perez     | 1981-11-12 |
+----+---------+-----------+------------+
2 rows in set (0.0013 sec)
 MySQL  localhost:3306 ssl  tbd2  SQL > INSERT INTO direcciones(id_cliente, calle, colonia) VALUE(6, "rygtbuh", "ryvgbhuj");
Query OK, 1 row affected (0.0990 sec)
 MySQL  localhost:3306 ssl  tbd2  SQL > ALTER TABLE direcciones ADD CONSTRAINT FOREIGN KEY(id_clientes) REFERENCES clientes on DELETE RESTRICT on UPDATE cascade;
ERROR: 1072 (42000): Key column 'id_clientes' doesn't exist in table
 MySQL  localhost:3306 ssl  tbd2  SQL > ALTER TABLE direcciones ADD CONSTRAINT FOREIGN KEY(id_cliente) REFERENCES clientes on DELETE RESTRICT on UPDATE cascade;
ERROR: 1239 (42000): Incorrect foreign key definition for 'foreign key without name': Key reference and table reference don't match
 MySQL  localhost:3306 ssl  tbd2  SQL > ALTER TABLE direcciones ADD CONSTRAINT FOREIGN KEY(id_cliente) REFERENCES clientes(id) on DELETE RESTRICT on UPDATE cascade;
ERROR: 1452 (23000): Cannot add or update a child row: a foreign key constraint fails (`tbd2`.`#sql-1b98_9`, CONSTRAINT `direcciones_ibfk_1` FOREIGN KEY (`id_cliente`) REFERENCES `clientes` (`id`) ON DELETE RESTRICT ON UPDATE CASCADE)
 MySQL  localhost:3306 ssl  tbd2  SQL > DELETE FROM direcciones
AS                  direcciones         LIMIT               orders              sakila              USING
clientes            human_resources     mysql               PARTITION()         sys                 WHERE
credit_cards        information_schema  ORDER BY            performance_schema  tbd2                world
 MySQL  localhost:3306 ssl  tbd2  SQL > DELETE FROM direcciones WHERE id_cliente = 6;
Query OK, 1 row affected (0.0925 sec)
 MySQL  localhost:3306 ssl  tbd2  SQL > SELECT * FROM clientes;
+----+---------+-----------+------------+
| id | nomebre | apellidos | fecha_nac  |
+----+---------+-----------+------------+
|  3 | Pedro   | Marquez   | 2024-02-08 |
|  5 | Juan    | Perez     | 1981-11-12 |
+----+---------+-----------+------------+
2 rows in set (0.0010 sec)
 MySQL  localhost:3306 ssl  tbd2  SQL > ALTER TABLE direcciones ADD CONSTRAINT FOREIGN KEY(id_cliente) REFERENCES clientes(id) on DELETE RESTRICT on UPDATE cascade;
Query OK, 2 rows affected (0.2710 sec)

Records: 2  Duplicates: 0  Warnings: 0
 MySQL  localhost:3306 ssl  tbd2  SQL > del
DELETE     DELIMITER
 MySQL  localhost:3306 ssl  tbd2  SQL > DELETE FROM clientes WHERE id = 5;
ERROR: 1451 (23000): Cannot delete or update a parent row: a foreign key constraint fails (`tbd2`.`direcciones`, CONSTRAINT `direcciones_ibfk_1` FOREIGN KEY (`id_cliente`) REFERENCES `clientes` (`id`) ON DELETE RESTRICT ON UPDATE CASCADE)
 MySQL  localhost:3306 ssl  tbd2  SQL > UPDATE clientes SET id =10 WHERE id =3;
Query OK, 1 row affected (0.0932 sec)

Rows matched: 1  Changed: 1  Warnings: 0
 MySQL  localhost:3306 ssl  tbd2  SQL > SELECT* FROM direcciones;
+----+------------+----------------+----------+
| id | id_cliente | calle          | colonia  |
+----+------------+----------------+----------+
|  2 |          5 | recvybuhnjm    | rxvgbh   |
|  3 |          5 | Av Tecnologico | zzzzzzzz |
+----+------------+----------------+----------+
2 rows in set (0.0010 sec)
 MySQL  localhost:3306 ssl  tbd2  SQL > SELECT* FROM clientes;
+----+---------+-----------+------------+
| id | nomebre | apellidos | fecha_nac  |
+----+---------+-----------+------------+
|  5 | Juan    | Perez     | 1981-11-12 |
| 10 | Pedro   | Marquez   | 2024-02-08 |
+----+---------+-----------+------------+
2 rows in set (0.0012 sec)
 MySQL  localhost:3306 ssl  tbd2  SQL > SHOW CREATE TABLE direcciones;
+-------------+---------------------------------------------------------------------------------------------------------------------------------------------------------------------------------------------------------------------------------------------------------------------------------------------------------------------------------------------------------------------------------------------------------------------------------------------+
| Table       | Create Table

                                                                                                                                  |
+-------------+---------------------------------------------------------------------------------------------------------------------------------------------------------------------------------------------------------------------------------------------------------------------------------------------------------------------------------------------------------------------------------------------------------------------------------------------+
| direcciones | CREATE TABLE `direcciones` (
  `id` int NOT NULL AUTO_INCREMENT,
  `id_cliente` int NOT NULL,
  `calle` varchar(50) NOT NULL,
  `colonia` varchar(50) NOT NULL,
  PRIMARY KEY (`id`),
  KEY `id_cliente` (`id_cliente`),
  CONSTRAINT `direcciones_ibfk_1` FOREIGN KEY (`id_cliente`) REFERENCES `clientes` (`id`) ON DELETE RESTRICT ON UPDATE CASCADE
) ENGINE=InnoDB AUTO_INCREMENT=5 DEFAULT CHARSET=utf8mb4 COLLATE=utf8mb4_0900_ai_ci |
+-------------+---------------------------------------------------------------------------------------------------------------------------------------------------------------------------------------------------------------------------------------------------------------------------------------------------------------------------------------------------------------------------------------------------------------------------------------------+
1 row in set (0.0013 sec)
 MySQL  localhost:3306 ssl  tbd2  SQL > ALTER TABLE direcciones DROP CONSTRAINT direcciones_ibfk_1;
Query OK, 0 rows affected (0.0782 sec)

Records: 0  Duplicates: 0  Warnings: 0
 MySQL  localhost:3306 ssl  tbd2  SQL > ALTER TABLE direcciones add CONSTRAINT FOREIGN KEY(id_cliente) REFERENCES clientes(id) on DELETE CASCADE on UPDATE CASCADE;
Query OK, 2 rows affected (0.2426 sec)

Records: 2  Duplicates: 0  Warnings: 0
 MySQL  localhost:3306 ssl  tbd2  SQL > SELECT * FROM clientes;
+----+---------+-----------+------------+
| id | nomebre | apellidos | fecha_nac  |
+----+---------+-----------+------------+
|  5 | Juan    | Perez     | 1981-11-12 |
| 10 | Pedro   | Marquez   | 2024-02-08 |
+----+---------+-----------+------------+
2 rows in set (0.0020 sec)
 MySQL  localhost:3306 ssl  tbd2  SQL > SELECT * FROM direcciones;
+----+------------+----------------+----------+
| id | id_cliente | calle          | colonia  |
+----+------------+----------------+----------+
|  2 |          5 | recvybuhnjm    | rxvgbh   |
|  3 |          5 | Av Tecnologico | zzzzzzzz |
+----+------------+----------------+----------+
2 rows in set (0.0009 sec)
 MySQL  localhost:3306 ssl  tbd2  SQL > DELETE from clientes WHERE id = 5
                                     -> ;
Query OK, 1 row affected (0.0947 sec)
 MySQL  localhost:3306 ssl  tbd2  SQL > SELECT * FROM clientes;
+----+---------+-----------+------------+
| id | nomebre | apellidos | fecha_nac  |
+----+---------+-----------+------------+
| 10 | Pedro   | Marquez   | 2024-02-08 |
+----+---------+-----------+------------+
1 row in set (0.0010 sec)
 MySQL  localhost:3306 ssl  tbd2  SQL > SELECT * FROM direcciones;
Empty set (0.0011 sec)
 MySQL  localhost:3306 ssl  tbd2  SQL > ALTER TABLE direcciones DROP CONSTRAINT direcciones_ibfk_1;
Query OK, 0 rows affected (0.0640 sec)

Records: 0  Duplicates: 0  Warnings: 0
 MySQL  localhost:3306 ssl  tbd2  SQL > DESC direcciones;
+------------+-------------+------+-----+---------+----------------+
| Field      | Type        | Null | Key | Default | Extra          |
+------------+-------------+------+-----+---------+----------------+
| id         | int         | NO   | PRI | NULL    | auto_increment |
| id_cliente | int         | NO   | MUL | NULL    |                |
| calle      | varchar(50) | NO   |     | NULL    |                |
| colonia    | varchar(50) | NO   |     | NULL    |                |
+------------+-------------+------+-----+---------+----------------+
4 rows in set (0.0028 sec)
 MySQL  localhost:3306 ssl  tbd2  SQL > ALTER TABLE direcciones MODIFY id_cliente INT NULL;
Query OK, 0 rows affected (0.2602 sec)

Records: 0  Duplicates: 0  Warnings: 0
 MySQL  localhost:3306 ssl  tbd2  SQL > ALTER TABLE direcciones add CONSTRAINT FOREIGN KEY(id_cliente) REFERENCES clientes(id) on DELETE set null;
Query OK, 0 rows affected (0.3104 sec)

Records: 0  Duplicates: 0  Warnings: 0
 MySQL  localhost:3306 ssl  tbd2  SQL >
 MySQL  localhost:3306 ssl  tbd2  SQL > DESC direcciones;
+------------+-------------+------+-----+---------+----------------+
| Field      | Type        | Null | Key | Default | Extra          |
+------------+-------------+------+-----+---------+----------------+
| id         | int         | NO   | PRI | NULL    | auto_increment |
| id_cliente | int         | YES  | MUL | NULL    |                |
| calle      | varchar(50) | NO   |     | NULL    |                |
| colonia    | varchar(50) | NO   |     | NULL    |                |
+------------+-------------+------+-----+---------+----------------+
4 rows in set (0.0030 sec)
 MySQL  localhost:3306 ssl  tbd2  SQL > SELECT * FROM clientes;
+----+---------+-----------+------------+
| id | nomebre | apellidos | fecha_nac  |
+----+---------+-----------+------------+
| 10 | Pedro   | Marquez   | 2024-02-08 |
+----+---------+-----------+------------+
1 row in set (0.0020 sec)
 MySQL  localhost:3306 ssl  tbd2  SQL > SELECT * FROM clientes;
+----+---------+-----------+------------+
| id | nomebre | apellidos | fecha_nac  |
+----+---------+-----------+------------+
| 10 | Pedro   | Marquez   | 2024-02-08 |
+----+---------+-----------+------------+
1 row in set (0.0010 sec)
 MySQL  localhost:3306 ssl  tbd2  SQL > SELECT * FROM clientes;
+----+---------+-----------+------------+
| id | nomebre | apellidos | fecha_nac  |
+----+---------+-----------+------------+
| 10 | Pedro   | Marquez   | 2024-02-08 |
+----+---------+-----------+------------+
1 row in set (0.0009 sec)
 MySQL  localhost:3306 ssl  tbd2  SQL > DESC direcciones;
+------------+-------------+------+-----+---------+----------------+
| Field      | Type        | Null | Key | Default | Extra          |
+------------+-------------+------+-----+---------+----------------+
| id         | int         | NO   | PRI | NULL    | auto_increment |
| id_cliente | int         | YES  | MUL | NULL    |                |
| calle      | varchar(50) | NO   |     | NULL    |                |
| colonia    | varchar(50) | NO   |     | NULL    |                |
+------------+-------------+------+-----+---------+----------------+
4 rows in set (0.0020 sec)
 MySQL  localhost:3306 ssl  tbd2  SQL > SELECT * FROM direcciones;
Empty set (0.0011 sec)
 MySQL  localhost:3306 ssl  tbd2  SQL > INSERT INTO clientes (nombre, apellidos, fecha_nac)
                                     -> VALUES ('Ana', 'García', '2000-05-15');
ERROR: 1054 (42S22): Unknown column 'nombre' in 'field list'
 MySQL  localhost:3306 ssl  tbd2  SQL > INSERT INTO clientes (nomebre, apellidos, fecha_nac) VALUES ("Ana", 'García", "2000-05-15");
                                     '> ;
                                     '> INSERT INTO clientes (nomebre, apellidos, fecha_nac) VALUES ('Ana', 'García', '2000-05-15');
                                     '> ;
 MySQL  localhost:3306 ssl  tbd2  SQL > INSERT INTO clientes(nomebre, apellidos, fecha_nac) VALUEs("Victor", "Romero", "2000-05-15");
Query OK, 1 row affected (0.0876 sec)
 MySQL  localhost:3306 ssl  tbd2  SQL > DESC direcciones
                                     -> ;
+------------+-------------+------+-----+---------+----------------+
| Field      | Type        | Null | Key | Default | Extra          |
+------------+-------------+------+-----+---------+----------------+
| id         | int         | NO   | PRI | NULL    | auto_increment |
| id_cliente | int         | YES  | MUL | NULL    |                |
| calle      | varchar(50) | NO   |     | NULL    |                |
| colonia    | varchar(50) | NO   |     | NULL    |                |
+------------+-------------+------+-----+---------+----------------+
4 rows in set (0.0020 sec)
 MySQL  localhost:3306 ssl  tbd2  SQL > SELECT * FROM clientes;
+----+---------+-----------+------------+
| id | nomebre | apellidos | fecha_nac  |
+----+---------+-----------+------------+
| 10 | Pedro   | Marquez   | 2024-02-08 |
| 11 | Victor  | Romero    | 2000-05-15 |
+----+---------+-----------+------------+
2 rows in set (0.0008 sec)
 MySQL  localhost:3306 ssl  tbd2  SQL > DESC direcciones;
+------------+-------------+------+-----+---------+----------------+
| Field      | Type        | Null | Key | Default | Extra          |
+------------+-------------+------+-----+---------+----------------+
| id         | int         | NO   | PRI | NULL    | auto_increment |
| id_cliente | int         | YES  | MUL | NULL    |                |
| calle      | varchar(50) | NO   |     | NULL    |                |
| colonia    | varchar(50) | NO   |     | NULL    |                |
+------------+-------------+------+-----+---------+----------------+
4 rows in set (0.0024 sec)
 MySQL  localhost:3306 ssl  tbd2  SQL > SELECT * FROM direcciones;
Empty set (0.0011 sec)
 MySQL  localhost:3306 ssl  tbd2  SQL > INSERT into direcciones(id_cliente, calle, colonia) VALUEs(10, "frtgh", "ftghi");
Query OK, 1 row affected (0.0864 sec)
 MySQL  localhost:3306 ssl  tbd2  SQL > SELECT* FROM direcciones;
+----+------------+-------+---------+
| id | id_cliente | calle | colonia |
+----+------------+-------+---------+
|  5 |         10 | frtgh | ftghi   |
+----+------------+-------+---------+
1 row in set (0.0009 sec)
 MySQL  localhost:3306 ssl  tbd2  SQL > DELETE FROM clientes WHERE id = 11;
Query OK, 1 row affected (0.0407 sec)
 MySQL  localhost:3306 ssl  tbd2  SQL > SELECT* FROM direcciones;
+----+------------+-------+---------+
| id | id_cliente | calle | colonia |
+----+------------+-------+---------+
|  5 |         10 | frtgh | ftghi   |
+----+------------+-------+---------+
1 row in set (0.0008 sec)
 MySQL  localhost:3306 ssl  tbd2  SQL > DELETE FROM clientes;
Query OK, 1 row affected (0.0877 sec)
 MySQL  localhost:3306 ssl  tbd2  SQL > SELECT* FROM direcciones;
+----+------------+-------+---------+
| id | id_cliente | calle | colonia |
+----+------------+-------+---------+
|  5 |       NULL | frtgh | ftghi   |
+----+------------+-------+---------+
1 row in set (0.0009 sec)
 MySQL  localhost:3306 ssl  tbd2  SQL > drop TABLE clientes;
ERROR: 3730 (HY000): Cannot drop table 'clientes' referenced by a foreign key constraint 'direcciones_ibfk_1' on table 'direcciones'.
 MySQL  localhost:3306 ssl  tbd2  SQL >